   🔑 .env 에서 8개 변수 로드
2026-10-04 00:04:28 대상 종목 2794 중 corp_code 매핑 2678
2026-10-04 00:04:28 시작: 남은 종목 538 · 보고서 기간 15개/종목
2026-10-04 00:05:37 진행 25/538 종목 · 호출 499 · 440/분 · 경과 1분
2026-10-04 00:06:43 진행 50/538 종목 · 호출 1005 · 450/분 · 경과 2분
2026-10-04 00:07:46 진행 75/538 종목 · 호출 1480 · 449/분 · 경과 3분
2026-10-04 00:08:59 진행 100/538 종목 · 호출 2030 · 450/분 · 경과 5분
2026-10-04 00:10:08 진행 125/538 종목 · 호출 2581 · 456/분 · 경과 6분
2026-10-04 00:11:09 진행 150/538 종목 · 호출 3059 · 458/분 · 경과 7분
2026-10-04 00:12:20 진행 175/538 종목 · 호출 3609 · 459/분 · 경과 8분
2026-10-04 00:13:36 진행 200/538 종목 · 호출 4182 · 459/분 · 경과 9분
2026-10-04 00:14:43 진행 225/538 종목 · 호출 4687 · 458/분 · 경과 10분
2026-10-04 00:15:58 진행 250/538 종목 · 호출 5302 · 462/분 · 경과 11분
2026-10-04 00:17:22 진행 275/538 종목 · 호출 5984 · 464/분 · 경과 13분
2026-10-04 00:18:43 진행 300/538 종목 · 호출 6617 · 465/분 · 경과 14분
2026-10-04 00:19:58 진행 325/538 종목 · 호출 7243 · 467/분 · 경과 15분
2026-10-04 00:21:19 진행 350/538 종목 · 호출 7916 · 470/분 · 경과 17분
2026-10-04 00:22:43 진행 375/538 종목 · 호출 8628 · 473/분 · 경과 18분
2026-10-04 00:24:20 진행 400/538 종목 · 호출 9436 · 475/분 · 경과 20분
2026-10-04 00:26:00 진행 425/538 종목 · 호출 10271 · 477/분 · 경과 22분
2026-10-04 00:27:38 진행 450/538 종목 · 호출 11115 · 480/분 · 경과 23분
2026-10-04 00:29:17 진행 475/538 종목 · 호출 11987 · 483/분 · 경과 25분
2026-10-04 00:31:04 진행 500/538 종목 · 호출 12935 · 486/분 · 경과 27분
2026-10-04 00:32:33 진행 525/538 종목 · 호출 13662 · 487/분 · 경과 28분
2026-10-04 00:33:10 상태: 종목 2678/2678 완료 · 보고서 행 53936 (정상 36834, 항목 있음 36834)
2026-10-04 00:33:10 끝: 종목 538 · 호출 13936 · 28.7분
